:12: unterminated comment
:12: syntax error, unexpected $undefined
